interactions:
- request:
    body: null
    headers:
      USER-AGENT: [PubNub-Python-Asyncio/4.0.2]
    method: GET
    uri: http://pubsub.pubnub.com/v1/channel-registration/sub-key/sub-c-33f55052-190b-11e6-bfbc-02ee2ddab7fe/channel-group/test-subscribe-asyncio-group?add=test-subscribe-asyncio-channel&pnsdk=PubNub-Python-Asyncio%2F4.0.2
  response:
    body: {string: '{"status": 200, "message": "OK", "service": "channel-registry",
        "error": false}'}
    headers: {ACCEPT-RANGES: bytes, ACCESS-CONTROL-ALLOW-METHODS: GET, ACCESS-CONTROL-ALLOW-ORIGIN: '*',
      AGE: '0', CACHE-CONTROL: no-cache, CONNECTION: keep-alive, CONTENT-LENGTH: '79',
      CONTENT-TYPE: text/javascript; charset="UTF-8", DATE: 'Tue, 29 Nov 2016 16:48:35
        GMT', SERVER: Pubnub}
    status: {code: 200, message: OK}
    url: http://pubsub.pubnub.com/v1/channel-registration/sub-key/sub-c-33f55052-190b-11e6-bfbc-02ee2ddab7fe/channel-group/test-subscribe-asyncio-group?add=test-subscribe-asyncio-channel&uuid=16cbee70-d567-4340-9cc0-08e42ee7c202&pnsdk=PubNub-Python-Asyncio%2F4.0.2
- request:
    body: null
    headers:
      USER-AGENT: [PubNub-Python-Asyncio/4.0.2]
    method: GET
    uri: http://pubsub.pubnub.com/v2/subscribe/sub-c-33f55052-190b-11e6-bfbc-02ee2ddab7fe/,/0?channel-group=test-subscribe-asyncio-group&pnsdk=PubNub-Python-Asyncio%2F4.0.2&tt=0
  response:
    body: {string: '{"t":{"t":"14804381189328753","r":12},"m":[]}'}
    headers: {ACCESS-CONTROL-ALLOW-METHODS: GET, ACCESS-CONTROL-ALLOW-ORIGIN: '*',
      CACHE-CONTROL: no-cache, CONNECTION: keep-alive, CONTENT-LENGTH: '45', CONTENT-TYPE: text/javascript;
        charset="UTF-8", DATE: 'Tue, 29 Nov 2016 16:48:39 GMT'}
    status: {code: 200, message: OK}
    url: http://pubsub.pubnub.com/v2/subscribe/sub-c-33f55052-190b-11e6-bfbc-02ee2ddab7fe/,/0?uuid=16cbee70-d567-4340-9cc0-08e42ee7c202&tt=0&pnsdk=PubNub-Python-Asyncio%2F4.0.2&channel-group=test-subscribe-asyncio-group
- request:
    body: null
    headers:
      USER-AGENT: [PubNub-Python-Asyncio/4.0.2]
    method: GET
    uri: http://pubsub.pubnub.com/v2/presence/sub-key/sub-c-33f55052-190b-11e6-bfbc-02ee2ddab7fe/channel/,/leave?channel-group=test-subscribe-asyncio-group&pnsdk=PubNub-Python-Asyncio%2F4.0.2
  response:
    body: {string: '{"status": 200, "action": "leave", "message": "OK", "service":
        "Presence"}'}
    headers: {ACCEPT-RANGES: bytes, ACCESS-CONTROL-ALLOW-METHODS: 'OPTIONS, GET, POST',
      ACCESS-CONTROL-ALLOW-ORIGIN: '*', AGE: '0', CACHE-CONTROL: no-cache, CONNECTION: keep-alive,
      CONTENT-LENGTH: '74', CONTENT-TYPE: text/javascript; charset="UTF-8", DATE: 'Tue,
        29 Nov 2016 16:48:39 GMT', SERVER: Pubnub Presence}
    status: {code: 200, message: OK}
    url: http://pubsub.pubnub.com/v2/presence/sub-key/sub-c-33f55052-190b-11e6-bfbc-02ee2ddab7fe/channel/,/leave?uuid=16cbee70-d567-4340-9cc0-08e42ee7c202&pnsdk=PubNub-Python-Asyncio%2F4.0.2&channel-group=test-subscribe-asyncio-group
- request:
    body: null
    headers:
      USER-AGENT: [PubNub-Python-Asyncio/4.0.2]
    method: GET
    uri: http://pubsub.pubnub.com/v1/channel-registration/sub-key/sub-c-33f55052-190b-11e6-bfbc-02ee2ddab7fe/channel-group/test-subscribe-asyncio-group?pnsdk=PubNub-Python-Asyncio%2F4.0.2&remove=test-subscribe-asyncio-channel
  response:
    body: {string: '{"status": 200, "message": "OK", "service": "channel-registry",
        "error": false}'}
    headers: {ACCEPT-RANGES: bytes, ACCESS-CONTROL-ALLOW-METHODS: GET, ACCESS-CONTROL-ALLOW-ORIGIN: '*',
      AGE: '0', CACHE-CONTROL: no-cache, CONNECTION: keep-alive, CONTENT-LENGTH: '79',
      CONTENT-TYPE: text/javascript; charset="UTF-8", DATE: 'Tue, 29 Nov 2016 16:48:39
        GMT', SERVER: Pubnub}
    status: {code: 200, message: OK}
    url: http://pubsub.pubnub.com/v1/channel-registration/sub-key/sub-c-33f55052-190b-11e6-bfbc-02ee2ddab7fe/channel-group/test-subscribe-asyncio-group?uuid=16cbee70-d567-4340-9cc0-08e42ee7c202&pnsdk=PubNub-Python-Asyncio%2F4.0.2&remove=test-subscribe-asyncio-channel
version: 1
